[demos.creative-tim.com/argon-dashboard-pro/pages/ecommerce/products/edit-product.html]
[demos.creative-tim.com/argon-dashboard-pro/assets/img/apple-icon.png]
[demos.creative-tim.com/argon-dashboard-pro/assets/img/favicon.png]
[backblue.gif]
[fade.gif]
[index.html]
[s3.amazonaws.com/creativetim_bucket/products/137/original/argon-dashboard-pro.jpg]
[demos.creative-tim.com/argon-dashboard-pro/assets/css/nucleo-icons.css]
[demos.creative-tim.com/argon-dashboard-pro/assets/css/nucleo-svg.css]
[kit.fontawesome.com/42d5adcbca.js]
[demos.creative-tim.com/argon-dashboard-pro/assets/css/argon-dashboard.min9c7f.css]
[www.google-analytics.com/analytics.js]
[demos.creative-tim.com/argon-dashboard-pro/assets/img/logo-ct-dark.png]
[demos.creative-tim.com/argon-dashboard-pro/pages/ecommerce/products/new-product.html]
[demos.creative-tim.com/argon-dashboard-pro/pages/ecommerce/products/product-page.html]
[demos.creative-tim.com/argon-dashboard-pro/pages/ecommerce/products/products-list.html]
[demos.creative-tim.com/argon-dashboard-pro/assets/img/team-2.jpg]
[raw.githubusercontent.com/creativetimofficial/public-assets/master/argon-dashboard-pro/assets/img/product-page.jpg]
[demos.creative-tim.com/argon-dashboard-pro/assets/js/core/popper.min.js]
[demos.creative-tim.com/argon-dashboard-pro/assets/js/core/bootstrap.min.js]
[demos.creative-tim.com/argon-dashboard-pro/assets/js/plugins/perfect-scrollbar.min.js]
[demos.creative-tim.com/argon-dashboard-pro/assets/js/plugins/smooth-scrollbar.min.js]
[demos.creative-tim.com/argon-dashboard-pro/assets/js/plugins/choices.min.js]
[demos.creative-tim.com/argon-dashboard-pro/assets/js/plugins/quill.min.js]
[demos.creative-tim.com/argon-dashboard-pro/assets/js/plugins/dragula/dragula.min.js]
[demos.creative-tim.com/argon-dashboard-pro/assets/js/plugins/jkanban/jkanban.js]
[buttons.github.io/buttons.js]
[demos.creative-tim.com/argon-dashboard-pro/assets/js/argon-dashboard.min9c7f.js]
[demos.creative-tim.com/argon-dashboard-pro/pages/ecommerce/products/edit-product.html]
[demos.creative-tim.com/argon-dashboard-pro/assets/css/nucleo-icons.css]
[demos.creative-tim.com/argon-dashboard-pro/assets/css/nucleo-svg.css]
[demos.creative-tim.com/argon-dashboard-pro/assets/css/images/layers.png]
[demos.creative-tim.com/argon-dashboard-pro/assets/css/images/layers-2x.png]
[demos.creative-tim.com/argon-dashboard-pro/assets/css/images/marker-icon.png]
[demos.creative-tim.com/argon-dashboard-pro/assets/css/argon-dashboard.min9c7f.css]
[www.googletagmanager.com/gtm5445.html]
[raw.githubusercontent.com/creativetimofficial/public-assets/master/argon-dashboard-pro/assets/img/profile-layout-header.jpg]
[demos.creative-tim.com/argon-dashboard-pro/assets/img/team-1.jpg]
[demos.creative-tim.com/argon-dashboard-pro/assets/js/plugins/dropzone.min.js]
[demos.creative-tim.com/argon-dashboard-pro/pages/ecommerce/products/new-product.html]
[demos.creative-tim.com/argon-dashboard-pro/assets/js/plugins/multistep-form.js]
[raw.githubusercontent.com/creativetimofficial/public-assets/master/argon-dashboard-pro/assets/img/product-thumb.jpg]
[raw.githubusercontent.com/creativetimofficial/public-assets/master/argon-dashboard-pro/assets/img/product-thumb-1.jpg]
[raw.githubusercontent.com/creativetimofficial/public-assets/master/argon-dashboard-pro/assets/img/product-thumb-2.jpg]
[raw.githubusercontent.com/creativetimofficial/public-assets/master/argon-dashboard-pro/assets/img/product-thumb-3.jpg]
[raw.githubusercontent.com/creativetimofficial/public-assets/master/argon-dashboard-pro/assets/img/product-thumb-4.jpg]
[raw.githubusercontent.com/creativetimofficial/public-assets/master/argon-dashboard-pro/assets/img/product-thumb-5.jpg]
[demos.creative-tim.com/argon-dashboard-pro/assets/js/plugins/photoswipe.min.js]
[demos.creative-tim.com/argon-dashboard-pro/assets/js/plugins/photoswipe-ui-default.min.js]
[demos.creative-tim.com/argon-dashboard-pro/pages/ecommerce/products/product-page.html]
[raw.githubusercontent.com/creativetimofficial/public-assets/master/soft-ui-design-system/assets/img/ecommerce/adidas-hoodie.jpg]
[raw.githubusercontent.com/creativetimofficial/public-assets/master/soft-ui-design-system/assets/img/ecommerce/macbook-pro.jpg]
[raw.githubusercontent.com/creativetimofficial/public-assets/master/soft-ui-design-system/assets/img/ecommerce/metro-chair.jpg]
[raw.githubusercontent.com/creativetimofficial/public-assets/master/soft-ui-design-system/assets/img/ecommerce/alchimia-chair.jpg]
[raw.githubusercontent.com/creativetimofficial/public-assets/master/soft-ui-design-system/assets/img/ecommerce/fendi-coat.jpg]
[raw.githubusercontent.com/creativetimofficial/public-assets/master/soft-ui-design-system/assets/img/ecommerce/off-white-jacket.jpg]
[raw.githubusercontent.com/creativetimofficial/public-assets/master/soft-ui-design-system/assets/img/ecommerce/yohji-yamamoto.jpg]
[raw.githubusercontent.com/creativetimofficial/public-assets/master/soft-ui-design-system/assets/img/ecommerce/mcqueen-shirt.jpg]
[raw.githubusercontent.com/creativetimofficial/public-assets/master/soft-ui-design-system/assets/img/ecommerce/yellow-chair.jpg]
[raw.githubusercontent.com/creativetimofficial/public-assets/master/soft-ui-design-system/assets/img/ecommerce/heron-tshirt.jpg]
[raw.githubusercontent.com/creativetimofficial/public-assets/master/soft-ui-design-system/assets/img/ecommerce/living-chair.jpg]
[raw.githubusercontent.com/creativetimofficial/public-assets/master/soft-ui-design-system/assets/img/ecommerce/orange-sofa.jpg]
[raw.githubusercontent.com/creativetimofficial/public-assets/master/soft-ui-design-system/assets/img/ecommerce/burberry.jpg]
[raw.githubusercontent.com/creativetimofficial/public-assets/master/soft-ui-design-system/assets/img/ecommerce/d&g-skirt.jpg]
[raw.githubusercontent.com/creativetimofficial/public-assets/master/soft-ui-design-system/assets/img/ecommerce/undercover.jpg]
[demos.creative-tim.com/argon-dashboard-pro/pages/ecommerce/products/products-list.html]
[demos.creative-tim.com/argon-dashboard-pro/assets/css/images/layers.html]
[demos.creative-tim.com/argon-dashboard-pro/assets/css/images/layers-2x.html]
[demos.creative-tim.com/argon-dashboard-pro/assets/css/images/marker-icon.html]
[demos.creative-tim.com/argon-dashboard-pro/assets/js/plugins/datatables.js]
